\BOOKMARK [1][-]{section.1}{\376\377\000I\000n\000t\000r\000o\000d\000u\000c\000t\000i\000o\000n}{}% 1
\BOOKMARK [1][-]{section.2}{\376\377\000S\000e\000t\000t\000i\000n\000g\000\040\000a\000n\000d\000\040\000O\000b\000j\000e\000c\000t\000i\000v\000e\000s}{}% 2
\BOOKMARK [1][-]{section.3}{\376\377\000T\000o\000k\000e\000n\000\040\000B\000a\000l\000a\000n\000c\000i\000n\000g\000\040\000a\000n\000d\000\040\000C\000a\000p\000a\000b\000i\000l\000i\000t\000y\000\040\000A\000l\000l\000o\000c\000a\000t\000i\000o\000n}{}% 3
\BOOKMARK [2][-]{subsection.3.1}{\376\377\000D\000o\000m\000a\000i\000n\000\040\000w\000e\000i\000g\000h\000t\000s\000\040\000a\000n\000d\000\040\000r\000e\000s\000p\000o\000n\000s\000e\000\040\000w\000e\000i\000g\000h\000t\000s}{section.3}% 4
\BOOKMARK [2][-]{subsection.3.2}{\376\377\000E\000a\000r\000l\000y\000\040\000c\000a\000p\000a\000b\000i\000l\000i\000t\000y\000\040\000t\000r\000a\000d\000e\000o\000f\000f\000s}{section.3}% 5
\BOOKMARK [1][-]{section.4}{\376\377\000F\000r\000o\000m\000\040\000G\000r\000a\000d\000i\000e\000n\000t\000s\000\040\000t\000o\000\040\000S\000t\000o\000r\000e\000d\000\040\000P\000a\000r\000a\000m\000e\000t\000e\000r\000\040\000C\000h\000a\000n\000g\000e\000s}{}% 6
\BOOKMARK [2][-]{subsection.4.1}{\376\377\000P\000r\000e\000c\000i\000s\000i\000o\000n\000\040\000c\000h\000a\000n\000g\000e\000s\000\040\000t\000h\000e\000\040\000m\000e\000a\000s\000u\000r\000e\000d\000\040\000s\000u\000p\000p\000o\000r\000t}{section.4}% 7
\BOOKMARK [2][-]{subsection.4.2}{\376\377\000S\000a\000v\000e\000d\000\040\000A\000d\000a\000m\000\040\000s\000t\000a\000t\000e\000\040\000e\000x\000p\000l\000a\000i\000n\000s\000\040\000m\000o\000v\000e\000m\000e\000n\000t\000\040\000b\000e\000y\000o\000n\000d\000\040\000t\000h\000e\000\040\000c\000u\000r\000r\000e\000n\000t\000\040\000g\000r\000a\000d\000i\000e\000n\000t}{section.4}% 8
\BOOKMARK [2][-]{subsection.4.3}{\376\377\000I\000n\000p\000u\000t\000\040\000c\000o\000m\000p\000o\000s\000i\000t\000i\000o\000n\000\040\000s\000e\000p\000a\000r\000a\000t\000e\000s\000\040\000p\000a\000r\000a\000m\000e\000t\000e\000r\000\040\000o\000v\000e\000r\000l\000a\000p\000\040\000f\000r\000o\000m\000\040\000d\000i\000r\000e\000c\000t\000i\000o\000n}{section.4}% 9
\BOOKMARK [1][-]{section.5}{\376\377\000S\000u\000p\000e\000r\000v\000i\000s\000i\000o\000n\000\040\000D\000e\000n\000s\000i\000t\000y\000\040\000C\000h\000a\000n\000g\000e\000s\000\040\000D\000i\000r\000e\000c\000t\000i\000o\000n\000\040\000M\000o\000r\000e\000\040\000T\000h\000a\000n\000\040\000W\000r\000i\000t\000e\000b\000a\000c\000k\000\040\000D\000e\000n\000s\000i\000t\000y}{}% 10
\BOOKMARK [1][-]{section.6}{\376\377\000R\000e\000l\000a\000t\000e\000d\000\040\000W\000o\000r\000k}{}% 11
\BOOKMARK [1][-]{section.7}{\376\377\000D\000i\000s\000c\000u\000s\000s\000i\000o\000n}{}% 12
\BOOKMARK [1][-]{appendix.A}{\376\377\000E\000x\000p\000e\000r\000i\000m\000e\000n\000t\000a\000l\000\040\000S\000e\000t\000u\000p\000\040\000a\000n\000d\000\040\000C\000o\000m\000p\000l\000e\000t\000e\000\040\000C\000a\000p\000a\000b\000i\000l\000i\000t\000y\000\040\000R\000e\000s\000u\000l\000t\000s}{}% 13
\BOOKMARK [2][-]{subsection.A.1}{\376\377\000M\000o\000d\000e\000l\000,\000\040\000d\000a\000t\000a\000,\000\040\000a\000n\000d\000\040\000t\000r\000a\000i\000n\000i\000n\000g\000\040\000p\000r\000o\000t\000o\000c\000o\000l}{appendix.A}% 14
\BOOKMARK [2][-]{subsection.A.2}{\376\377\000E\000v\000a\000l\000u\000a\000t\000i\000o\000n\000\040\000a\000n\000d\000\040\000s\000c\000o\000r\000i\000n\000g}{appendix.A}% 15
\BOOKMARK [2][-]{subsection.A.3}{\376\377\000P\000a\000i\000r\000e\000d\000\040\000c\000o\000m\000p\000a\000r\000i\000s\000o\000n\000s\000\040\000a\000n\000d\000\040\000e\000v\000i\000d\000e\000n\000c\000e\000\040\000p\000r\000o\000v\000e\000n\000a\000n\000c\000e}{appendix.A}% 16
\BOOKMARK [1][-]{appendix.B}{\376\377\000L\000e\000n\000g\000t\000h\000-\000W\000e\000i\000g\000h\000t\000i\000n\000g\000\040\000D\000e\000r\000i\000v\000a\000t\000i\000o\000n}{}% 17
\BOOKMARK [1][-]{appendix.C}{\376\377\000P\000a\000r\000a\000m\000e\000t\000e\000r\000\040\000a\000n\000d\000\040\000O\000p\000t\000i\000m\000i\000z\000e\000r\000\040\000M\000e\000a\000s\000u\000r\000e\000m\000e\000n\000t\000s}{}% 18
\BOOKMARK [2][-]{subsection.C.1}{\376\377\000C\000o\000o\000r\000d\000i\000n\000a\000t\000e\000s\000\040\000a\000n\000d\000\040\000r\000e\000c\000o\000r\000d\000e\000d\000\040\000q\000u\000a\000n\000t\000i\000t\000i\000e\000s}{appendix.C}% 19
\BOOKMARK [2][-]{subsection.C.2}{\376\377\000R\000e\000s\000p\000o\000n\000s\000e\000\040\000b\000a\000n\000k\000s\000,\000\040\000o\000v\000e\000r\000l\000a\000p\000s\000,\000\040\000a\000n\000d\000\040\000g\000r\000a\000d\000i\000e\000n\000t\000\040\000m\000a\000g\000n\000i\000t\000u\000d\000e\000s}{appendix.C}% 20
\BOOKMARK [1][-]{appendix.D}{\376\377\000V\000o\000c\000a\000b\000u\000l\000a\000r\000y\000\040\000C\000o\000v\000e\000r\000a\000g\000e\000\040\000a\000n\000d\000\040\000S\000a\000m\000p\000l\000i\000n\000g}{}% 21
\BOOKMARK [1][-]{appendix.E}{\376\377\000T\000e\000a\000c\000h\000e\000r\000\040\000D\000i\000s\000t\000r\000i\000b\000u\000t\000i\000o\000n\000\040\000D\000i\000s\000t\000a\000n\000c\000e}{}% 22
\BOOKMARK [1][-]{appendix.F}{\376\377\000R\000e\000s\000p\000o\000n\000s\000e\000\040\000B\000e\000h\000a\000v\000i\000o\000r\000\040\000D\000u\000r\000i\000n\000g\000\040\000T\000r\000a\000i\000n\000i\000n\000g\000\040\000a\000n\000d\000\040\000E\000v\000a\000l\000u\000a\000t\000i\000o\000n}{}% 23
\BOOKMARK [1][-]{appendix.G}{\376\377\000R\000L\000\040\000T\000e\000a\000c\000h\000e\000r\000\040\000R\000e\000g\000u\000l\000a\000r\000i\000z\000a\000t\000i\000o\000n\000\040\000a\000n\000d\000\040\000D\000o\000m\000a\000i\000n\000\040\000W\000e\000i\000g\000h\000t\000s}{}% 24
